2026-05-19 20:10:30,856 - INFO - Data extracted successfully from data/E-commerce_Orders.csv
2026-05-19 20:10:30,857 - INFO - Rows in extracted data: 1000
2026-05-19 20:10:30,878 - INFO - Data transformed successfully
2026-05-19 20:10:30,878 - INFO - Rows in transformed data: 1000
2026-05-19 20:10:32,108 - INFO - Data loaded successfully into output/orders.db
2026-05-19 20:10:32,131 - INFO - Indexes created successfully
2026-05-19 20:10:32,132 - INFO - ETL pipeline completed successfully
                        Source: {input_file}
                        Destination: {db_file}
                        Total Records Processed: {df.shape[0]}
                    
2026-05-19 20:56:38,122 - INFO - Data extracted successfully from data/E-commerce_Orders.csv
2026-05-19 20:56:38,123 - INFO - Rows in extracted data: 1000
2026-05-19 20:56:38,149 - INFO - Data transformed successfully
2026-05-19 20:56:38,149 - INFO - Rows in transformed data: 1000
2026-05-19 20:56:38,770 - INFO - Data loaded successfully into output/orders.db
2026-05-19 20:56:38,796 - INFO - Indexes created successfully
2026-05-19 20:56:38,796 - INFO - ETL pipeline completed successfully
                        Source: {input_file}
                        Destination: {db_file}
                        Total Records Processed: {df.shape[0]}
                    
